error: Reference config file not found. error: open ./testdata/ReferenceConfigFileDoesntExist/reference/metadata.yaml: no such file or directory 
error code:2
