error: "Reference directory doesn't exist" 
error code:2
