error: failed to collect resources: the path "testdata/TestLocalResourceFileDoesntexist/resources" does not exist 
error code:2
